[backblue.gif]
[fade.gif]
[index.html]
[demo.awaikenthemes.com/html-preview/dentaire/images/favicon.png]
[demo.awaikenthemes.com/html-preview/dentaire/images/hero-img.png]
[demo.awaikenthemes.com/html-preview/dentaire/images/dantist-doctor-img.jpg]
[demo.awaikenthemes.com/html-preview/dentaire/images/about-us-img-1.jpg]
[demo.awaikenthemes.com/html-preview/dentaire/images/about-us-img-2.jpg]
[demo.awaikenthemes.com/html-preview/dentaire/images/about-experience-circle.png]
[demo.awaikenthemes.com/html-preview/dentaire/images/why-choose-us-img.png]
[demo.awaikenthemes.com/html-preview/dentaire/images/how-it-work-img.jpg]
[demo.awaikenthemes.com/html-preview/dentaire/images/team-1.jpg]
[demo.awaikenthemes.com/html-preview/dentaire/images/team-2.jpg]
[demo.awaikenthemes.com/html-preview/dentaire/images/team-3.jpg]
[demo.awaikenthemes.com/html-preview/dentaire/images/team-4.jpg]
[demo.awaikenthemes.com/html-preview/dentaire/images/testimonials-img.jpg]
[demo.awaikenthemes.com/html-preview/dentaire/images/author-1.jpg]
[demo.awaikenthemes.com/html-preview/dentaire/images/author-2.jpg]
[demo.awaikenthemes.com/html-preview/dentaire/images/author-3.jpg]
[demo.awaikenthemes.com/html-preview/dentaire/images/post-1.jpg]
[demo.awaikenthemes.com/html-preview/dentaire/images/post-2.jpg]
[demo.awaikenthemes.com/html-preview/dentaire/images/post-3.jpg]
[demo.awaikenthemes.com/html-preview/dentaire/js/jquery-3.7.1.min.js]
[demo.awaikenthemes.com/html-preview/dentaire/js/bootstrap.min.js]
[demo.awaikenthemes.com/html-preview/dentaire/js/validator.min.js]
[demo.awaikenthemes.com/html-preview/dentaire/js/jquery.slicknav.js]
[demo.awaikenthemes.com/html-preview/dentaire/js/swiper-bundle.min.js]
[demo.awaikenthemes.com/html-preview/dentaire/js/jquery.waypoints.min.js]
[demo.awaikenthemes.com/html-preview/dentaire/js/jquery.counterup.min.js]
[demo.awaikenthemes.com/html-preview/dentaire/js/jquery.magnific-popup.min.js]
[demo.awaikenthemes.com/html-preview/dentaire/js/SmoothScroll.js]
[demo.awaikenthemes.com/html-preview/dentaire/js/parallaxie.js]
[demo.awaikenthemes.com/html-preview/dentaire/js/gsap.min.js]
[demo.awaikenthemes.com/html-preview/dentaire/js/magiccursor.js]
[demo.awaikenthemes.com/html-preview/dentaire/js/SplitText.js]
[demo.awaikenthemes.com/html-preview/dentaire/js/ScrollTrigger.min.js]
[demo.awaikenthemes.com/html-preview/dentaire/js/jquery.mb.YTPlayer.min.js]
[demo.awaikenthemes.com/html-preview/dentaire/js/wow.js]
[demo.awaikenthemes.com/html-preview/dentaire/js/function.js]
[demo.awaikenthemes.com/assets/js/theme-panel.js]
[demo.awaikenthemes.com/html-preview/dentaire/index.html]
[demo.awaikenthemes.com/html-preview/dentaire/css/bootstrap.min.css]
[demo.awaikenthemes.com/html-preview/dentaire/css/slicknav.min.css]
[demo.awaikenthemes.com/html-preview/dentaire/css/swiper-bundle.min.css]
[demo.awaikenthemes.com/html-preview/dentaire/webfonts/fa-brands-400.woff2]
[demo.awaikenthemes.com/html-preview/dentaire/webfonts/fa-brands-400.ttf]
[demo.awaikenthemes.com/html-preview/dentaire/webfonts/fa-regular-400.woff2]
[demo.awaikenthemes.com/html-preview/dentaire/webfonts/fa-regular-400.ttf]
[demo.awaikenthemes.com/html-preview/dentaire/webfonts/fa-solid-900.woff2]
[demo.awaikenthemes.com/html-preview/dentaire/webfonts/fa-solid-900.ttf]
[demo.awaikenthemes.com/html-preview/dentaire/webfonts/fa-v4compatibility.woff2]
[demo.awaikenthemes.com/html-preview/dentaire/webfonts/fa-v4compatibility.ttf]
[demo.awaikenthemes.com/html-preview/dentaire/css/all.css]
[demo.awaikenthemes.com/html-preview/dentaire/css/animate.css]
[demo.awaikenthemes.com/html-preview/dentaire/css/magnific-popup.css]
[demo.awaikenthemes.com/html-preview/dentaire/css/mousecursor.css]
[demo.awaikenthemes.com/html-preview/dentaire/images/hero-bg.jpg]
[demo.awaikenthemes.com/html-preview/dentaire/images/visit-clinic-bg.jpg]
[demo.awaikenthemes.com/html-preview/dentaire/css/custom.css]
[demo.awaikenthemes.com/html-preview/dentaire/images/loader.svg]
[demo.awaikenthemes.com/html-preview/dentaire/index-2.html]
[demo.awaikenthemes.com/html-preview/dentaire/images/logo.svg]
[demo.awaikenthemes.com/html-preview/dentaire/index-3.html]
[demo.awaikenthemes.com/html-preview/dentaire/index-4.html]
[demo.awaikenthemes.com/html-preview/dentaire/images/hero-bg-2.jpg]
[demo.awaikenthemes.com/html-preview/dentaire/index-5.html]
[demo.awaikenthemes.com/html-preview/dentaire/index-6.html]
[demo.awaikenthemes.com/html-preview/dentaire/images/dental-process-img-1.jpg]
[demo.awaikenthemes.com/html-preview/dentaire/images/dental-process-img-2.jpg]
[demo.awaikenthemes.com/html-preview/dentaire/images/dental-process-img-3.jpg]
[demo.awaikenthemes.com/html-preview/dentaire/images/dental-process-img-4.jpg]
[demo.awaikenthemes.com/html-preview/dentaire/images/expertise-experience-img.jpg]
[demo.awaikenthemes.com/html-preview/dentaire/about.html]
[demo.awaikenthemes.com/html-preview/dentaire/service.html]
[demo.awaikenthemes.com/html-preview/dentaire/images/service-single-img.jpg]
[demo.awaikenthemes.com/html-preview/dentaire/images/service-entry-img-1.jpg]
[demo.awaikenthemes.com/html-preview/dentaire/images/service-entry-img-2.jpg]
[demo.awaikenthemes.com/html-preview/dentaire/service-single.html]
[demo.awaikenthemes.com/html-preview/dentaire/images/post-4.jpg]
[demo.awaikenthemes.com/html-preview/dentaire/images/post-5.jpg]
[demo.awaikenthemes.com/html-preview/dentaire/images/post-6.jpg]
[demo.awaikenthemes.com/html-preview/dentaire/images/post-7.jpg]
[demo.awaikenthemes.com/html-preview/dentaire/images/post-8.jpg]
[demo.awaikenthemes.com/html-preview/dentaire/images/post-9.jpg]
[demo.awaikenthemes.com/html-preview/dentaire/blog.html]
[demo.awaikenthemes.com/html-preview/dentaire/blog-single.html]
[demo.awaikenthemes.com/html-preview/dentaire/images/team-5.jpg]
[demo.awaikenthemes.com/html-preview/dentaire/images/team-6.jpg]
[demo.awaikenthemes.com/html-preview/dentaire/images/team-7.jpg]
[demo.awaikenthemes.com/html-preview/dentaire/images/team-8.jpg]
[demo.awaikenthemes.com/html-preview/dentaire/team.html]
[demo.awaikenthemes.com/html-preview/dentaire/team-single.html]
[demo.awaikenthemes.com/html-preview/dentaire/images/gallery-1.jpg]
[demo.awaikenthemes.com/html-preview/dentaire/images/gallery-2.jpg]
[demo.awaikenthemes.com/html-preview/dentaire/images/gallery-3.jpg]
[demo.awaikenthemes.com/html-preview/dentaire/images/gallery-4.jpg]
[demo.awaikenthemes.com/html-preview/dentaire/images/gallery-5.jpg]
[demo.awaikenthemes.com/html-preview/dentaire/images/gallery-6.jpg]
[demo.awaikenthemes.com/html-preview/dentaire/images/gallery-7.jpg]
[demo.awaikenthemes.com/html-preview/dentaire/images/gallery-8.jpg]
[demo.awaikenthemes.com/html-preview/dentaire/images/gallery-9.jpg]
[demo.awaikenthemes.com/html-preview/dentaire/images/gallery-10.jpg]
[demo.awaikenthemes.com/html-preview/dentaire/images/gallery-11.jpg]
[demo.awaikenthemes.com/html-preview/dentaire/gallery.html]
[demo.awaikenthemes.com/html-preview/dentaire/images/gallery-12.jpg]
[demo.awaikenthemes.com/html-preview/dentaire/images/techonology-img-1.jpg]
[demo.awaikenthemes.com/html-preview/dentaire/images/techonology-img-2.jpg]
[demo.awaikenthemes.com/html-preview/dentaire/images/techonology-img-3.jpg]
[demo.awaikenthemes.com/html-preview/dentaire/images/techonology-img-4.jpg]
[demo.awaikenthemes.com/html-preview/dentaire/images/techonology-img-5.jpg]
[demo.awaikenthemes.com/html-preview/dentaire/images/techonology-img-6.jpg]
[demo.awaikenthemes.com/html-preview/dentaire/images/techonology-img-7.jpg]
[demo.awaikenthemes.com/html-preview/dentaire/images/techonology-img-8.jpg]
[demo.awaikenthemes.com/html-preview/dentaire/images/techonology-img-9.jpg]
[demo.awaikenthemes.com/html-preview/dentaire/images/techonology-img-10.jpg]
[demo.awaikenthemes.com/html-preview/dentaire/technology.html]
[demo.awaikenthemes.com/html-preview/dentaire/images/author-4.jpg]
[demo.awaikenthemes.com/html-preview/dentaire/images/author-5.jpg]
[demo.awaikenthemes.com/html-preview/dentaire/images/author-6.jpg]
[demo.awaikenthemes.com/html-preview/dentaire/images/author-7.jpg]
[demo.awaikenthemes.com/html-preview/dentaire/images/author-8.jpg]
[demo.awaikenthemes.com/html-preview/dentaire/images/author-9.jpg]
[demo.awaikenthemes.com/html-preview/dentaire/testimonials.html]
[demo.awaikenthemes.com/html-preview/dentaire/faqs.html]
[demo.awaikenthemes.com/html-preview/dentaire/images/404-error-img.png]
[demo.awaikenthemes.com/html-preview/dentaire/404.html]
[demo.awaikenthemes.com/html-preview/dentaire/images/contact-us-img.jpg]
[demo.awaikenthemes.com/html-preview/dentaire/contact.html]
[demo.awaikenthemes.com/html-preview/dentaire/appointment.html]
[demo.awaikenthemes.com/html-preview/dentaire/images/icon-hero-theeth-1.svg]
[demo.awaikenthemes.com/html-preview/dentaire/images/icon-hero-theeth-2.svg]
[demo.awaikenthemes.com/html-preview/dentaire/images/icon-hero-theeth-3.svg]
[demo.awaikenthemes.com/html-preview/dentaire/images/icon-star.svg]
[demo.awaikenthemes.com/html-preview/dentaire/images/icon-cta-phone.svg]
[demo.awaikenthemes.com/html-preview/dentaire/images/icon-cta-time.svg]
[demo.awaikenthemes.com/html-preview/dentaire/images/icon-services-1.svg]
[demo.awaikenthemes.com/html-preview/dentaire/images/icon-services-2.svg]
[demo.awaikenthemes.com/html-preview/dentaire/images/icon-services-3.svg]
[demo.awaikenthemes.com/html-preview/dentaire/images/icon-services-4.svg]
[demo.awaikenthemes.com/html-preview/dentaire/images/icon-why-us-1.svg]
[demo.awaikenthemes.com/html-preview/dentaire/images/icon-why-us-2.svg]
[demo.awaikenthemes.com/html-preview/dentaire/images/icon-why-us-3.svg]
[demo.awaikenthemes.com/html-preview/dentaire/images/icon-why-us-4.svg]
[demo.awaikenthemes.com/html-preview/dentaire/images/icon-why-us-5.svg]
[demo.awaikenthemes.com/html-preview/dentaire/images/icon-why-us-6.svg]
[demo.awaikenthemes.com/html-preview/dentaire/images/icon-how-it-work-1.svg]
[demo.awaikenthemes.com/html-preview/dentaire/images/icon-how-it-work-2.svg]
[demo.awaikenthemes.com/html-preview/dentaire/images/icon-how-it-work-3.svg]
[demo.awaikenthemes.com/html-preview/dentaire/images/icon-testimonial-quote.svg]
[demo.awaikenthemes.com/html-preview/dentaire/images/icon-location.svg]
[demo.awaikenthemes.com/html-preview/dentaire/images/icon-phone.svg]
[demo.awaikenthemes.com/html-preview/dentaire/images/icon-mail.svg]
[demo.awaikenthemes.com/html-preview/dentaire/images/icon-clock.svg]
[demo.awaikenthemes.com/html-preview/dentaire/images/footer-logo.svg]
[demo.awaikenthemes.com/html-preview/dentaire/images/arrow-blue.svg]
[demo.awaikenthemes.com/html-preview/dentaire/images/icon-sub-heading.svg]
[demo.awaikenthemes.com/html-preview/dentaire/images/hero-bg.svg]
[demo.awaikenthemes.com/html-preview/dentaire/images/about-bg-image.svg]
[demo.awaikenthemes.com/html-preview/dentaire/images/our-service-bg.svg]
[demo.awaikenthemes.com/html-preview/dentaire/images/arrow-white.svg]
[demo.awaikenthemes.com/html-preview/dentaire/images/why-choose-us-bg.svg]
[demo.awaikenthemes.com/html-preview/dentaire/images/our-team-bg.svg]
[demo.awaikenthemes.com/html-preview/dentaire/images/our-blog-bg.svg]
[demo.awaikenthemes.com/html-preview/dentaire/images/footer-bg.svg]
[demo.awaikenthemes.com/html-preview/dentaire/images/page-header-bg.svg]
[demo.awaikenthemes.com/html-preview/dentaire/images/icon-blockquote.svg]
[demo.awaikenthemes.com/html-preview/dentaire/images/icon-eye.svg]
[demo.awaikenthemes.com/html-preview/dentaire/images/client-logo-1.svg]
[demo.awaikenthemes.com/html-preview/dentaire/images/client-logo-2.svg]
[demo.awaikenthemes.com/html-preview/dentaire/images/client-logo-3.svg]
[demo.awaikenthemes.com/html-preview/dentaire/images/icon-services-5.svg]
[demo.awaikenthemes.com/html-preview/dentaire/images/icon-services-6.svg]
[demo.awaikenthemes.com/html-preview/dentaire/images/icon-services-7.svg]
[demo.awaikenthemes.com/html-preview/dentaire/images/icon-services-8.svg]
[demo.awaikenthemes.com/html-preview/dentaire/images/icon-cta.svg]
[demo.awaikenthemes.com/html-preview/dentaire/images/icon-award-1.svg]
[demo.awaikenthemes.com/html-preview/dentaire/images/icon-award-2.svg]
[demo.awaikenthemes.com/html-preview/dentaire/images/icon-award-3.svg]
[demo.awaikenthemes.com/html-preview/dentaire/images/icon-award-4.svg]
